// Jest Snapshot v1, https://goo.gl/fbAQLP

exports[`Accordion renders all children 1`] = `ShallowWrapper {}`;
